// Jest Snapshot v1, https://goo.gl/fbAQLP

exports[`FlightSearchView Component should render correctly in  mode 1`] = `
<div
  className="container"
>
  <div
    className="mar-top-20 mar-bottom-20 row"
  >
    <div
      className="col-md-6"
    >
      <div
        className="btn-group"
        role="group"
      >
        <button
          aria-label={null}
          className="activeButton btn btn-outline-primary"
          name="journeyType"
          onClick={[Function]}
          type="button"
          value="single"
        >
          One Way
        </button>
        <button
          aria-label={null}
          className="btn btn-outline-primary"
          name="journeyType"
          onClick={[Function]}
          type="button"
          value="return"
        >
          Round Trip
        </button>
      </div>
    </div>
  </div>
  <div
    className="row"
  >
    <div
      className="col-md-6"
    >
      <label
        className=""
        htmlFor="boarding"
      >
        Boarding
      </label>
      <div
        className="Dropdown-root"
      >
        <div
          aria-haspopup="listbox"
          className="Dropdown-control"
          onMouseDown={[Function]}
          onTouchEnd={[Function]}
        >
          <div
            className="Dropdown-placeholder"
          >
            Select an option
          </div>
          <div
            className="Dropdown-arrow-wrapper"
          >
            <span
              className="Dropdown-arrow"
            />
          </div>
        </div>
      </div>
    </div>
    <div
      className="col-md-6"
    >
      <label
        className=""
        htmlFor="destination"
      >
        Destination
      </label>
      <div
        className="Dropdown-root"
      >
        <div
          aria-haspopup="listbox"
          className="Dropdown-control"
          onMouseDown={[Function]}
          onTouchEnd={[Function]}
        >
          <div
            className="Dropdown-placeholder"
          >
            Select an option
          </div>
          <div
            className="Dropdown-arrow-wrapper"
          >
            <span
              className="Dropdown-arrow"
            />
          </div>
        </div>
      </div>
    </div>
  </div>
  <div
    className="marginInfo row"
  >
    <div
      className="col-md-6"
    >
      <label
        className=""
        htmlFor="departureDate"
      >
        Departure
      </label>
      <div>
        <div
          className="react-datepicker-wrapper"
        >
          <div
            className="react-datepicker__input-container"
          >
            <input
              className=""
              disabled={false}
              onBlur={[Function]}
              onChange={[Function]}
              onClick={[Function]}
              onFocus={[Function]}
              onKeyDown={[Function]}
              readOnly={false}
              type="text"
              value=""
            />
          </div>
        </div>
      </div>
    </div>
    <div
      className="col-md-6"
    >
      <label
        className=""
        htmlFor="returnDate"
      >
        Return
      </label>
      <div>
        <div
          className="react-datepicker-wrapper"
        >
          <div
            className="react-datepicker__input-container"
          >
            <input
              className=""
              disabled={true}
              onBlur={[Function]}
              onChange={[Function]}
              onClick={[Function]}
              onFocus={[Function]}
              onKeyDown={[Function]}
              readOnly={false}
              type="text"
              value=""
            />
          </div>
        </div>
      </div>
    </div>
  </div>
  <div
    className="row"
  >
    <div
      className="col-md-6"
    >
      <label
        className=""
        htmlFor="adult"
      >
        Adult
      </label>
      <input
        className="form-control"
        id="adult"
        max="6"
        min="1"
        name="adult"
        onChange={[Function]}
        type="number"
      />
    </div>
    <div
      className="col-md-4"
    >
      <label
        className=""
        htmlFor="children"
      >
        Children
      </label>
      <input
        className="form-control"
        id="children"
        min="0"
        name="children"
        onChange={[Function]}
        type="number"
      />
    </div>
    <div
      className="col-md-2"
    >
      <label
        className=""
        htmlFor="infant"
      >
        Infant
      </label>
      <input
        className="form-control"
        id="infant"
        min="0"
        name="infant"
        onChange={[Function]}
        type="number"
        value={0}
      />
    </div>
  </div>
  <div
    className="mar-top-20 mar-bottom-20 row"
  >
    <div
      className="col-md-6"
    >
      <div
        className="btn-group"
        role="group"
      >
        <button
          aria-label={null}
          className="activeButton btn btn-outline-primary"
          name="flightClass"
          onClick={[Function]}
          type="button"
          value="economy"
        >
          Economy
        </button>
        <button
          aria-label={null}
          className="btn btn-outline-primary"
          name="flightClass"
          onClick={[Function]}
          type="button"
          value="business"
        >
          Business
        </button>
      </div>
    </div>
  </div>
  <div
    className="row"
  >
    <div
      className="col-md-6"
    >
      <button
        aria-label={null}
        className="btn btn-success disabled"
        disabled={true}
        onClick={[Function]}
        type="button"
      >
        Search
      </button>
    </div>
  </div>
</div>
`;
